IHYYTUIYIYUYbUsbcYUI23YOI2rUOIbYvUtYUEvrUEtbvrn32UIbvgIrEvUq0970918c08097n283v8m94tUU
