gYRYYIYrvYTUB7TYUTUfJG
BKUYYbYFY gYbfTUTKHFI
UIIIIfUAhIYI12IOhskAjjIfhAsq
